// Jest Snapshot v1, https://goo.gl/fbAQLP

exports[`Renders correctly 1`] = `
<div
  className="container-message"
>
  <span
    className="fa fa-smile-o"
    onMouseEnter={[Function]}
    onMouseLeave={[Function]}
    style={
      Object {
        "color": "#999",
        "display": "inline-block",
        "fontSize": "90px",
        "muiPrepared": true,
        "position": "relative",
        "transition": "all 450ms cubic-bezier(0.23, 1, 0.32, 1) 0ms",
        "userSelect": "none",
      }
    }
  />
  <p>
    Hi!
  </p>
</div>
`;
