// Jest Snapshot v1, https://goo.gl/fbAQLP

exports[`Renders correctly 1`] = `
<div
  className="route"
>
  <div>
    Barcelona
    (
    Tokio
    )
    <div
      className="time"
    >
      Invalid date
    </div>
  </div>
  <div>
    <span
      className="fa fa-long-arrow-right"
      onMouseEnter={[Function]}
      onMouseLeave={[Function]}
      style={
        Object {
          "color": "#666",
          "display": "inline-block",
          "fontSize": 24,
          "muiPrepared": true,
          "position": "relative",
          "transition": "all 450ms cubic-bezier(0.23, 1, 0.32, 1) 0ms",
          "userSelect": "none",
        }
      }
    />
  </div>
  <div>
    (
    )
    <div
      className="time"
    >
      Invalid date
    </div>
  </div>
</div>
`;
