// Jest Snapshot v1, https://goo.gl/fbAQLP

exports[`Renders correctly 1`] = `
<div
  className={undefined}
  style={
    Object {
      "WebkitTapHighlightColor": "rgba(0,0,0,0)",
      "background": "#fff",
      "backgroundColor": "rgb(232, 232, 232)",
      "boxSizing": "border-box",
      "display": "flex",
      "height": 56,
      "justifyContent": "space-between",
      "muiPrepared": true,
      "padding": "0px 24px",
    }
  }
>
  <div
    className={undefined}
    style={
      Object {
        "alignItems": "center",
        "display": "flex",
        "justifyContent": "space-between",
        "marginLeft": undefined,
        "marginRight": undefined,
        "muiPrepared": true,
        "position": "relative",
      }
    }
  >
    <span
      style={
        Object {
          "color": "rgba(0, 0, 0, 0.4)",
          "fontFamily": "Roboto, sans-serif",
          "fontSize": 20,
          "lineHeight": "56px",
          "muiPrepared": true,
          "overflow": "hidden",
          "paddingRight": 16,
          "position": "relative",
          "textOverflow": "ellipsis",
          "whiteSpace": "nowrap",
        }
      }
    >
      Kiwi Skypicker
    </span>
  </div>
  <div
    className={undefined}
    style={
      Object {
        "alignItems": "center",
        "display": "flex",
        "justifyContent": "space-between",
        "marginLeft": undefined,
        "marginRight": undefined,
        "muiPrepared": true,
        "position": "relative",
      }
    }
  >
    <span
      className="fa fa-github"
      color="rgba(0, 0, 0, 0.4)"
      onMouseEnter={[Function]}
      onMouseLeave={[Function]}
      style={
        Object {
          "color": "rgba(0, 0, 0, 0.4)",
          "cursor": "pointer",
          "display": "inline-block",
          "fontSize": 24,
          "lineHeight": "56px",
          "muiPrepared": true,
          "paddingLeft": 24,
          "position": "relative",
          "transition": "all 450ms cubic-bezier(0.23, 1, 0.32, 1) 0ms",
          "userSelect": "none",
        }
      }
    />
  </div>
</div>
`;
